192.168.1.21 - - [03/Feb/2026:17:43:47 +0200] "PUT /js/main.js HTTP/1.1" 302 6332 "-" "Mozilla/5.0 (Windows NT 10.0; Win64; x64) AppleWebKit/537.36"
192.168.1.56 - - [03/Feb/2026:17:43:49 +0200] "POST /search?q=security HTTP/1.1" 200 9927 "-" "sqlmap/1.4.11#stable (http://sqlmap.org)"
192.168.1.5 - - [03/Feb/2026:17:43:50 +0200] "HEAD /search?q=security HTTP/1.1" 404 11515 "-" "curl/7.68.0"
141.11.22.33 - - [03/Feb/2026:17:43:51 +0200] "GET /login HTTP/1.1" 403 1031 "-" "curl/7.68.0"
192.168.1.23 - - [03/Feb/2026:17:43:52 +0200] "HEAD /home HTTP/1.1" 200 10128 "-" "Mozilla/5.0 (iPhone; CPU iPhone OS 14_6 like Mac OS X)"
45.155.205.233 - - [03/Feb/2026:17:43:53 +0200] "GET /admin HTTP/1.1" 403 7235 "-" "Mozilla/5.0 (Windows NT 10.0; Win64; x64) AppleWebKit/537.36"
192.168.1.63 - - [03/Feb/2026:17:43:53 +0200] "POST /search?q=security HTTP/1.1" 301 10372 "-" "sqlmap/1.4.11#stable (http://sqlmap.org)"
192.168.1.71 - - [03/Feb/2026:17:43:54 +0200] "DELETE / HTTP/1.1" 302 13206 "-" "sqlmap/1.4.11#stable (http://sqlmap.org)"
192.168.1.98 - - [03/Feb/2026:17:43:56 +0200] "HEAD /home HTTP/1.1" 404 2856 "-" "curl/7.68.0"
192.168.1.63 - - [03/Feb/2026:17:43:56 +0200] "DELETE /search?q=security HTTP/1.1" 301 13573 "-" "curl/7.68.0"
192.168.1.99 - - [03/Feb/2026:17:43:57 +0200] "POST / HTTP/1.1" 404 8938 "-" "sqlmap/1.4.11#stable (http://sqlmap.org)"
185.92.11.22 - - [03/Feb/2026:17:43:59 +0200] "POST /login HTTP/1.1" 404 1149 "-" "Nmap Scripting Engine; https://nmap.org/book/nse.html"
192.168.1.90 - - [03/Feb/2026:17:44:00 +0200] "HEAD /products HTTP/1.1" 200 14987 "-" "curl/7.68.0"
10.0.0.8 - - [03/Feb/2026:17:44:01 +0200] "HEAD /search?q=security HTTP/1.1" 500 12549 "-" "Mozilla/5.0 (Windows NT 10.0; Win64; x64) AppleWebKit/537.36"
10.0.0.17 - - [03/Feb/2026:17:44:03 +0200] "POST /contact HTTP/1.1" 301 11295 "-" "Mozilla/5.0 (Windows NT 10.0; Win64; x64) AppleWebKit/537.36"
192.168.1.2 - - [03/Feb/2026:17:44:04 +0200] "HEAD /search?q=security HTTP/1.1" 200 1809 "-" "Nmap Scripting Engine; https://nmap.org/book/nse.html"
10.0.0.11 - - [03/Feb/2026:17:44:04 +0200] "PUT / HTTP/1.1" 404 10691 "-" "Mozilla/5.0 (Windows NT 10.0; Win64; x64) AppleWebKit/537.36"
192.168.1.53 - - [03/Feb/2026:17:44:06 +0200] "POST /assets/style.css HTTP/1.1" 404 5558 "-" "Mozilla/5.0 (iPhone; CPU iPhone OS 14_6 like Mac OS X)"
10.0.0.13 - - [03/Feb/2026:17:44:07 +0200] "HEAD /home HTTP/1.1" 500 7165 "-" "sqlmap/1.4.11#stable (http://sqlmap.org)"
185.92.11.22 - - [03/Feb/2026:17:44:08 +0200] "POST /login HTTP/1.1" 401 6028 "-" "Nmap Scripting Engine; https://nmap.org/book/nse.html"
192.168.1.62 - - [03/Feb/2026:17:44:09 +0200] "GET /search?q=security HTTP/1.1" 200 7255 "-" "Mozilla/5.0 (Windows NT 10.0; Win64; x64) AppleWebKit/537.36"
192.168.1.10 - - [03/Feb/2026:17:44:10 +0200] "POST /contact HTTP/1.1" 200 5702 "-" "Mozilla/5.0 (Windows NT 10.0; Win64; x64) AppleWebKit/537.36"
192.168.1.85 - - [03/Feb/2026:17:44:10 +0200] "DELETE /js/main.js HTTP/1.1" 200 11565 "-" "Mozilla/5.0 (iPhone; CPU iPhone OS 14_6 like Mac OS X)"
192.168.1.35 - - [03/Feb/2026:17:44:11 +0200] "GET /products HTTP/1.1" 200 13137 "-" "Mozilla/5.0 (iPhone; CPU iPhone OS 14_6 like Mac OS X)"
10.0.0.15 - - [03/Feb/2026:17:44:12 +0200] "HEAD /assets/style.css HTTP/1.1" 200 10494 "-" "sqlmap/1.4.11#stable (http://sqlmap.org)"
192.168.1.87 - - [03/Feb/2026:17:44:13 +0200] "HEAD /search?q=security HTTP/1.1" 302 6624 "-" "Mozilla/5.0 (Windows NT 10.0; Win64; x64) AppleWebKit/537.36"
192.168.1.7 - - [03/Feb/2026:17:44:15 +0200] "HEAD /products HTTP/1.1" 200 476 "-" "Nmap Scripting Engine; https://nmap.org/book/nse.html"
192.168.1.36 - - [03/Feb/2026:17:44:15 +0200] "POST /products HTTP/1.1" 200 6872 "-" "Nmap Scripting Engine; https://nmap.org/book/nse.html"
10.0.0.3 - - [03/Feb/2026:17:44:16 +0200] "GET /contact HTTP/1.1" 301 4408 "-" "curl/7.68.0"
185.92.11.22 - - [03/Feb/2026:17:44:18 +0200] "GET /login HTTP/1.1" 403 10267 "-" "sqlmap/1.4.11#stable (http://sqlmap.org)"
192.168.1.4 - - [03/Feb/2026:17:44:19 +0200] "PUT /assets/style.css HTTP/1.1" 200 7456 "-" "sqlmap/1.4.11#stable (http://sqlmap.org)"
192.168.1.80 - - [03/Feb/2026:17:44:20 +0200] "HEAD /products HTTP/1.1" 200 14929 "-" "sqlmap/1.4.11#stable (http://sqlmap.org)"
192.168.1.90 - - [03/Feb/2026:17:44:21 +0200] "DELETE /contact HTTP/1.1" 404 3338 "-" "Nmap Scripting Engine; https://nmap.org/book/nse.html"
10.0.0.12 - - [03/Feb/2026:17:44:23 +0200] "DELETE /search?q=security HTTP/1.1" 301 11790 "-" "Mozilla/5.0 (iPhone; CPU iPhone OS 14_6 like Mac OS X)"
192.168.1.2 - - [03/Feb/2026:17:44:24 +0200] "DELETE /products HTTP/1.1" 200 1258 "-" "Mozilla/5.0 (Windows NT 10.0; Win64; x64) AppleWebKit/537.36"
192.168.1.33 - - [03/Feb/2026:17:44:25 +0200] "PUT /home HTTP/1.1" 200 12325 "-" "Mozilla/5.0 (iPhone; CPU iPhone OS 14_6 like Mac OS X)"
141.11.22.33 - - [03/Feb/2026:17:44:26 +0200] "POST /etc/passwd HTTP/1.1" 404 5267 "-" "sqlmap/1.4.11#stable (http://sqlmap.org)"
192.168.1.44 - - [03/Feb/2026:17:44:28 +0200] "HEAD /home HTTP/1.1" 200 13747 "-" "Mozilla/5.0 (iPhone; CPU iPhone OS 14_6 like Mac OS X)"
192.168.1.82 - - [03/Feb/2026:17:44:28 +0200] "PUT /contact HTTP/1.1" 302 10949 "-" "sqlmap/1.4.11#stable (http://sqlmap.org)"
10.0.0.4 - - [03/Feb/2026:17:44:30 +0200] "PUT /home HTTP/1.1" 200 12975 "-" "sqlmap/1.4.11#stable (http://sqlmap.org)"
45.155.205.233 - - [03/Feb/2026:17:44:30 +0200] "GET /login HTTP/1.1" 404 9390 "-" "Mozilla/5.0 (iPhone; CPU iPhone OS 14_6 like Mac OS X)"
192.168.1.8 - - [03/Feb/2026:17:44:31 +0200] "PUT /search?q=security HTTP/1.1" 302 4649 "-" "sqlmap/1.4.11#stable (http://sqlmap.org)"
10.0.0.6 - - [03/Feb/2026:17:44:31 +0200] "PUT /assets/style.css HTTP/1.1" 500 14404 "-" "Mozilla/5.0 (iPhone; CPU iPhone OS 14_6 like Mac OS X)"
185.92.11.22 - - [03/Feb/2026:17:44:31 +0200] "POST /etc/passwd HTTP/1.1" 401 4405 "-" "Nmap Scripting Engine; https://nmap.org/book/nse.html"
141.11.22.33 - - [03/Feb/2026:17:44:33 +0200] "GET /phpmyadmin HTTP/1.1" 401 3001 "-" "Nmap Scripting Engine; https://nmap.org/book/nse.html"
192.168.1.11 - - [03/Feb/2026:17:44:34 +0200] "HEAD /contact HTTP/1.1" 301 4130 "-" "Nmap Scripting Engine; https://nmap.org/book/nse.html"
192.168.1.30 - - [03/Feb/2026:17:44:35 +0200] "PUT / HTTP/1.1" 404 11827 "-" "Mozilla/5.0 (Windows NT 10.0; Win64; x64) AppleWebKit/537.36"
192.168.1.35 - - [03/Feb/2026:17:44:36 +0200] "POST /contact HTTP/1.1" 500 5321 "-" "curl/7.68.0"
141.11.22.33 - - [03/Feb/2026:17:44:38 +0200] "GET /login HTTP/1.1" 404 8956 "-" "sqlmap/1.4.11#stable (http://sqlmap.org)"
10.0.0.7 - - [03/Feb/2026:17:44:39 +0200] "HEAD /assets/style.css HTTP/1.1" 200 11713 "-" "Nmap Scripting Engine; https://nmap.org/book/nse.html"
192.168.1.50 - - [03/Feb/2026:17:44:40 +0200] "DELETE /api/v1/status HTTP/1.1" 200 9726 "-" "curl/7.68.0"
192.168.1.55 - - [03/Feb/2026:17:44:40 +0200] "POST /assets/style.css HTTP/1.1" 301 13025 "-" "sqlmap/1.4.11#stable (http://sqlmap.org)"
192.168.1.72 - - [03/Feb/2026:17:44:41 +0200] "POST /assets/style.css HTTP/1.1" 404 4887 "-" "curl/7.68.0"
10.0.0.19 - - [03/Feb/2026:17:44:41 +0200] "POST /assets/style.css HTTP/1.1" 200 12291 "-" "sqlmap/1.4.11#stable (http://sqlmap.org)"
192.168.1.6 - - [03/Feb/2026:17:44:42 +0200] "POST /products HTTP/1.1" 404 735 "-" "Nmap Scripting Engine; https://nmap.org/book/nse.html"
141.11.22.33 - - [03/Feb/2026:17:44:43 +0200] "POST /login HTTP/1.1" 403 14089 "-" "Nmap Scripting Engine; https://nmap.org/book/nse.html"
192.168.1.10 - - [03/Feb/2026:17:44:45 +0200] "PUT /products HTTP/1.1" 200 6731 "-" "Mozilla/5.0 (iPhone; CPU iPhone OS 14_6 like Mac OS X)"
192.168.1.92 - - [03/Feb/2026:17:44:45 +0200] "GET /home HTTP/1.1" 404 14401 "-" "curl/7.68.0"
192.168.1.26 - - [03/Feb/2026:17:44:46 +0200] "GET /api/v1/status HTTP/1.1" 200 12389 "-" "Mozilla/5.0 (iPhone; CPU iPhone OS 14_6 like Mac OS X)"
10.0.0.9 - - [03/Feb/2026:17:44:48 +0200] "DELETE /assets/style.css HTTP/1.1" 301 562 "-" "Mozilla/5.0 (Windows NT 10.0; Win64; x64) AppleWebKit/537.36"
192.168.1.74 - - [03/Feb/2026:17:44:48 +0200] "POST /api/v1/status HTTP/1.1" 200 6031 "-" "Mozilla/5.0 (iPhone; CPU iPhone OS 14_6 like Mac OS X)"
192.168.1.79 - - [03/Feb/2026:17:44:49 +0200] "DELETE /home HTTP/1.1" 200 8414 "-" "curl/7.68.0"
185.92.11.22 - - [03/Feb/2026:17:44:50 +0200] "POST /etc/passwd HTTP/1.1" 404 9893 "-" "Mozilla/5.0 (Windows NT 10.0; Win64; x64) AppleWebKit/537.36"
192.168.1.34 - - [03/Feb/2026:17:44:51 +0200] "HEAD /home HTTP/1.1" 200 4005 "-" "Mozilla/5.0 (Windows NT 10.0; Win64; x64) AppleWebKit/537.36"
141.11.22.33 - - [03/Feb/2026:17:44:53 +0200] "POST /login HTTP/1.1" 404 7346 "-" "Mozilla/5.0 (iPhone; CPU iPhone OS 14_6 like Mac OS X)"
192.168.1.44 - - [03/Feb/2026:17:44:53 +0200] "PUT /assets/style.css HTTP/1.1" 200 1907 "-" "Mozilla/5.0 (iPhone; CPU iPhone OS 14_6 like Mac OS X)"
192.168.1.43 - - [03/Feb/2026:17:44:54 +0200] "POST /contact HTTP/1.1" 200 14968 "-" "Mozilla/5.0 (iPhone; CPU iPhone OS 14_6 like Mac OS X)"
192.168.1.51 - - [03/Feb/2026:17:44:55 +0200] "PUT /products HTTP/1.1" 500 14437 "-" "sqlmap/1.4.11#stable (http://sqlmap.org)"
192.168.1.98 - - [03/Feb/2026:17:44:57 +0200] "GET /assets/style.css HTTP/1.1" 200 13812 "-" "Mozilla/5.0 (iPhone; CPU iPhone OS 14_6 like Mac OS X)"
185.92.11.22 - - [03/Feb/2026:17:44:57 +0200] "POST /login HTTP/1.1" 401 13871 "-" "curl/7.68.0"
192.168.1.10 - - [03/Feb/2026:17:44:59 +0200] "HEAD /home HTTP/1.1" 200 12428 "-" "Nmap Scripting Engine; https://nmap.org/book/nse.html"
192.168.1.5 - - [03/Feb/2026:17:45:01 +0200] "POST /api/v1/status HTTP/1.1" 404 623 "-" "Nmap Scripting Engine; https://nmap.org/book/nse.html"
141.11.22.33 - - [03/Feb/2026:17:45:02 +0200] "POST /config.php HTTP/1.1" 401 1910 "-" "curl/7.68.0"
192.168.1.89 - - [03/Feb/2026:17:45:03 +0200] "HEAD /api/v1/status HTTP/1.1" 200 1234 "-" "Mozilla/5.0 (iPhone; CPU iPhone OS 14_6 like Mac OS X)"
10.0.0.13 - - [03/Feb/2026:17:45:03 +0200] "DELETE /search?q=security HTTP/1.1" 200 10567 "-" "curl/7.68.0"
192.168.1.99 - - [03/Feb/2026:17:45:05 +0200] "HEAD /home HTTP/1.1" 200 10987 "-" "Mozilla/5.0 (iPhone; CPU iPhone OS 14_6 like Mac OS X)"
192.168.1.17 - - [03/Feb/2026:17:45:07 +0200] "PUT /api/v1/status HTTP/1.1" 200 13823 "-" "Mozilla/5.0 (iPhone; CPU iPhone OS 14_6 like Mac OS X)"
10.0.0.2 - - [03/Feb/2026:17:45:08 +0200] "POST /assets/style.css HTTP/1.1" 302 830 "-" "Mozilla/5.0 (iPhone; CPU iPhone OS 14_6 like Mac OS X)"
185.92.11.22 - - [03/Feb/2026:17:45:09 +0200] "POST /phpmyadmin HTTP/1.1" 403 11284 "-" "curl/7.68.0"
192.168.1.91 - - [03/Feb/2026:17:45:09 +0200] "HEAD /api/v1/status HTTP/1.1" 302 8951 "-" "Mozilla/5.0 (iPhone; CPU iPhone OS 14_6 like Mac OS X)"
192.168.1.53 - - [03/Feb/2026:17:45:11 +0200] "PUT / HTTP/1.1" 500 8494 "-" "Nmap Scripting Engine; https://nmap.org/book/nse.html"
45.155.205.233 - - [03/Feb/2026:17:45:12 +0200] "GET /config.php HTTP/1.1" 404 14361 "-" "Nmap Scripting Engine; https://nmap.org/book/nse.html"
192.168.1.84 - - [03/Feb/2026:17:45:13 +0200] "DELETE /home HTTP/1.1" 200 8913 "-" "curl/7.68.0"
192.168.1.3 - - [03/Feb/2026:17:45:14 +0200] "DELETE /search?q=security HTTP/1.1" 500 4465 "-" "Nmap Scripting Engine; https://nmap.org/book/nse.html"
10.0.0.9 - - [03/Feb/2026:17:45:16 +0200] "DELETE /contact HTTP/1.1" 200 10861 "-" "Nmap Scripting Engine; https://nmap.org/book/nse.html"
10.0.0.4 - - [03/Feb/2026:17:45:16 +0200] "HEAD /js/main.js HTTP/1.1" 200 12202 "-" "Mozilla/5.0 (Windows NT 10.0; Win64; x64) AppleWebKit/537.36"
192.168.1.21 - - [03/Feb/2026:17:45:18 +0200] "DELETE /home HTTP/1.1" 200 272 "-" "curl/7.68.0"
192.168.1.27 - - [03/Feb/2026:17:45:20 +0200] "PUT / HTTP/1.1" 500 2854 "-" "curl/7.68.0"
192.168.1.6 - - [03/Feb/2026:17:45:21 +0200] "DELETE /search?q=security HTTP/1.1" 200 7959 "-" "curl/7.68.0"
192.168.1.13 - - [03/Feb/2026:17:45:23 +0200] "HEAD / HTTP/1.1" 404 4823 "-" "curl/7.68.0"
192.168.1.57 - - [03/Feb/2026:17:45:24 +0200] "HEAD /assets/style.css HTTP/1.1" 200 5471 "-" "Nmap Scripting Engine; https://nmap.org/book/nse.html"
192.168.1.65 - - [03/Feb/2026:17:45:25 +0200] "DELETE / HTTP/1.1" 302 9699 "-" "Mozilla/5.0 (iPhone; CPU iPhone OS 14_6 like Mac OS X)"
192.168.1.80 - - [03/Feb/2026:17:45:26 +0200] "DELETE /home HTTP/1.1" 200 4655 "-" "curl/7.68.0"
185.92.11.22 - - [03/Feb/2026:17:45:28 +0200] "POST /etc/passwd HTTP/1.1" 404 14787 "-" "Nmap Scripting Engine; https://nmap.org/book/nse.html"
192.168.1.78 - - [03/Feb/2026:17:45:28 +0200] "DELETE /assets/style.css HTTP/1.1" 200 11202 "-" "Mozilla/5.0 (iPhone; CPU iPhone OS 14_6 like Mac OS X)"
192.168.1.29 - - [03/Feb/2026:17:45:29 +0200] "DELETE /contact HTTP/1.1" 302 2275 "-" "Mozilla/5.0 (Windows NT 10.0; Win64; x64) AppleWebKit/537.36"
192.168.1.27 - - [03/Feb/2026:17:45:30 +0200] "POST /home HTTP/1.1" 404 6816 "-" "Mozilla/5.0 (iPhone; CPU iPhone OS 14_6 like Mac OS X)"
192.168.1.58 - - [03/Feb/2026:17:45:32 +0200] "DELETE /js/main.js HTTP/1.1" 301 13581 "-" "sqlmap/1.4.11#stable (http://sqlmap.org)"
192.168.1.62 - - [03/Feb/2026:17:45:34 +0200] "DELETE /api/v1/status HTTP/1.1" 500 7317 "-" "Mozilla/5.0 (iPhone; CPU iPhone OS 14_6 like Mac OS X)"
192.168.1.97 - - [03/Feb/2026:17:45:36 +0200] "DELETE /search?q=security HTTP/1.1" 200 8008 "-" "Nmap Scripting Engine; https://nmap.org/book/nse.html"
10.0.0.18 - - [03/Feb/2026:17:45:37 +0200] "GET /contact HTTP/1.1" 200 10836 "-" "curl/7.68.0"
192.168.1.96 - - [03/Feb/2026:17:45:37 +0200] "DELETE /products HTTP/1.1" 404 2329 "-" "Mozilla/5.0 (iPhone; CPU iPhone OS 14_6 like Mac OS X)"
192.168.1.93 - - [03/Feb/2026:17:45:38 +0200] "PUT /api/v1/status HTTP/1.1" 200 3311 "-" "curl/7.68.0"
10.0.0.3 - - [03/Feb/2026:17:45:38 +0200] "GET / HTTP/1.1" 404 6165 "-" "curl/7.68.0"
192.168.1.20 - - [03/Feb/2026:17:45:38 +0200] "DELETE /home HTTP/1.1" 200 803 "-" "Mozilla/5.0 (iPhone; CPU iPhone OS 14_6 like Mac OS X)"
192.168.1.87 - - [03/Feb/2026:17:45:40 +0200] "HEAD /assets/style.css HTTP/1.1" 200 14169 "-" "Mozilla/5.0 (Windows NT 10.0; Win64; x64) AppleWebKit/537.36"
192.168.1.87 - - [03/Feb/2026:17:45:41 +0200] "DELETE /contact HTTP/1.1" 200 9641 "-" "sqlmap/1.4.11#stable (http://sqlmap.org)"
10.0.0.14 - - [03/Feb/2026:17:45:42 +0200] "GET /search?q=security HTTP/1.1" 302 13309 "-" "Mozilla/5.0 (Windows NT 10.0; Win64; x64) AppleWebKit/537.36"
192.168.1.58 - - [03/Feb/2026:17:45:44 +0200] "HEAD / HTTP/1.1" 200 14579 "-" "sqlmap/1.4.11#stable (http://sqlmap.org)"
192.168.1.50 - - [03/Feb/2026:17:45:45 +0200] "GET /contact HTTP/1.1" 200 2845 "-" "Nmap Scripting Engine; https://nmap.org/book/nse.html"
10.0.0.3 - - [03/Feb/2026:17:45:46 +0200] "POST /products HTTP/1.1" 200 2734 "-" "Mozilla/5.0 (Windows NT 10.0; Win64; x64) AppleWebKit/537.36"
141.11.22.33 - - [03/Feb/2026:17:45:48 +0200] "POST /login HTTP/1.1" 404 12582 "-" "curl/7.68.0"
192.168.1.96 - - [03/Feb/2026:17:45:49 +0200] "GET /contact HTTP/1.1" 404 14962 "-" "Mozilla/5.0 (iPhone; CPU iPhone OS 14_6 like Mac OS X)"
192.168.1.97 - - [03/Feb/2026:17:45:50 +0200] "HEAD / HTTP/1.1" 404 4281 "-" "sqlmap/1.4.11#stable (http://sqlmap.org)"
192.168.1.42 - - [03/Feb/2026:17:45:52 +0200] "POST /search?q=security HTTP/1.1" 404 14419 "-" "Mozilla/5.0 (iPhone; CPU iPhone OS 14_6 like Mac OS X)"
192.168.1.69 - - [03/Feb/2026:17:45:53 +0200] "PUT / HTTP/1.1" 302 5179 "-" "sqlmap/1.4.11#stable (http://sqlmap.org)"
192.168.1.66 - - [03/Feb/2026:17:45:54 +0200] "HEAD /search?q=security HTTP/1.1" 301 9081 "-" "sqlmap/1.4.11#stable (http://sqlmap.org)"
192.168.1.32 - - [03/Feb/2026:17:45:55 +0200] "HEAD /contact HTTP/1.1" 200 13884 "-" "curl/7.68.0"
192.168.1.60 - - [03/Feb/2026:17:45:55 +0200] "POST / HTTP/1.1" 404 10684 "-" "Mozilla/5.0 (iPhone; CPU iPhone OS 14_6 like Mac OS X)"
10.0.0.12 - - [03/Feb/2026:17:45:56 +0200] "GET /home HTTP/1.1" 200 8014 "-" "Mozilla/5.0 (iPhone; CPU iPhone OS 14_6 like Mac OS X)"
185.92.11.22 - - [03/Feb/2026:17:45:57 +0200] "POST /login HTTP/1.1" 404 11950 "-" "Nmap Scripting Engine; https://nmap.org/book/nse.html"
192.168.1.79 - - [03/Feb/2026:17:45:57 +0200] "POST /home HTTP/1.1" 200 1840 "-" "curl/7.68.0"
141.11.22.33 - - [03/Feb/2026:17:45:59 +0200] "GET /etc/passwd HTTP/1.1" 401 13496 "-" "Mozilla/5.0 (iPhone; CPU iPhone OS 14_6 like Mac OS X)"
192.168.1.11 - - [03/Feb/2026:17:45:59 +0200] "POST /contact HTTP/1.1" 404 8312 "-" "Mozilla/5.0 (iPhone; CPU iPhone OS 14_6 like Mac OS X)"
45.155.205.233 - - [03/Feb/2026:17:46:00 +0200] "GET /etc/passwd HTTP/1.1" 403 11202 "-" "curl/7.68.0"
192.168.1.63 - - [03/Feb/2026:17:46:02 +0200] "PUT /home HTTP/1.1" 200 8896 "-" "Mozilla/5.0 (iPhone; CPU iPhone OS 14_6 like Mac OS X)"
45.155.205.233 - - [03/Feb/2026:17:46:02 +0200] "POST /.git/config HTTP/1.1" 401 4656 "-" "sqlmap/1.4.11#stable (http://sqlmap.org)"
192.168.1.58 - - [03/Feb/2026:17:46:03 +0200] "PUT /api/v1/status HTTP/1.1" 200 986 "-" "sqlmap/1.4.11#stable (http://sqlmap.org)"
192.168.1.92 - - [03/Feb/2026:17:46:04 +0200] "POST /home HTTP/1.1" 404 746 "-" "curl/7.68.0"
192.168.1.45 - - [03/Feb/2026:17:46:04 +0200] "PUT /products HTTP/1.1" 404 14484 "-" "sqlmap/1.4.11#stable (http://sqlmap.org)"
192.168.1.29 - - [03/Feb/2026:17:46:05 +0200] "DELETE /js/main.js HTTP/1.1" 302 13595 "-" "curl/7.68.0"
192.168.1.14 - - [03/Feb/2026:17:46:06 +0200] "GET /js/main.js HTTP/1.1" 301 1243 "-" "Nmap Scripting Engine; https://nmap.org/book/nse.html"
192.168.1.28 - - [03/Feb/2026:17:46:08 +0200] "GET /home HTTP/1.1" 200 1057 "-" "Nmap Scripting Engine; https://nmap.org/book/nse.html"
141.11.22.33 - - [03/Feb/2026:17:46:09 +0200] "GET /phpmyadmin HTTP/1.1" 404 11043 "-" "curl/7.68.0"
192.168.1.82 - - [03/Feb/2026:17:46:11 +0200] "PUT /products HTTP/1.1" 500 5108 "-" "sqlmap/1.4.11#stable (http://sqlmap.org)"
192.168.1.18 - - [03/Feb/2026:17:46:12 +0200] "GET /assets/style.css HTTP/1.1" 404 1748 "-" "curl/7.68.0"
45.155.205.233 - - [03/Feb/2026:17:46:12 +0200] "GET /login HTTP/1.1" 404 11736 "-" "Nmap Scripting Engine; https://nmap.org/book/nse.html"
141.11.22.33 - - [03/Feb/2026:17:46:12 +0200] "POST /phpmyadmin HTTP/1.1" 401 13806 "-" "sqlmap/1.4.11#stable (http://sqlmap.org)"
192.168.1.27 - - [03/Feb/2026:17:46:13 +0200] "DELETE /contact HTTP/1.1" 200 6756 "-" "Mozilla/5.0 (iPhone; CPU iPhone OS 14_6 like Mac OS X)"
192.168.1.97 - - [03/Feb/2026:17:46:13 +0200] "POST /api/v1/status HTTP/1.1" 200 14277 "-" "Mozilla/5.0 (Windows NT 10.0; Win64; x64) AppleWebKit/537.36"
192.168.1.60 - - [03/Feb/2026:17:46:13 +0200] "HEAD /search?q=security HTTP/1.1" 302 5842 "-" "Nmap Scripting Engine; https://nmap.org/book/nse.html"
141.11.22.33 - - [03/Feb/2026:17:46:15 +0200] "POST /login HTTP/1.1" 404 4974 "-" "sqlmap/1.4.11#stable (http://sqlmap.org)"
192.168.1.81 - - [03/Feb/2026:17:46:17 +0200] "GET /home HTTP/1.1" 302 13980 "-" "Mozilla/5.0 (iPhone; CPU iPhone OS 14_6 like Mac OS X)"
192.168.1.36 - - [03/Feb/2026:17:46:18 +0200] "GET /contact HTTP/1.1" 301 13863 "-" "Mozilla/5.0 (iPhone; CPU iPhone OS 14_6 like Mac OS X)"
45.155.205.233 - - [03/Feb/2026:17:46:19 +0200] "POST /etc/passwd HTTP/1.1" 403 14430 "-" "Mozilla/5.0 (iPhone; CPU iPhone OS 14_6 like Mac OS X)"
192.168.1.35 - - [03/Feb/2026:17:46:20 +0200] "DELETE /js/main.js HTTP/1.1" 500 2237 "-" "Mozilla/5.0 (Windows NT 10.0; Win64; x64) AppleWebKit/537.36"
192.168.1.91 - - [03/Feb/2026:17:46:20 +0200] "HEAD /js/main.js HTTP/1.1" 500 2084 "-" "Mozilla/5.0 (iPhone; CPU iPhone OS 14_6 like Mac OS X)"
192.168.1.12 - - [03/Feb/2026:17:46:22 +0200] "PUT /home HTTP/1.1" 200 3560 "-" "curl/7.68.0"
192.168.1.56 - - [03/Feb/2026:17:46:23 +0200] "POST /search?q=security HTTP/1.1" 500 9005 "-" "Nmap Scripting Engine; https://nmap.org/book/nse.html"
192.168.1.50 - - [03/Feb/2026:17:46:24 +0200] "DELETE /home HTTP/1.1" 404 500 "-" "Mozilla/5.0 (Windows NT 10.0; Win64; x64) AppleWebKit/537.36"
192.168.1.61 - - [03/Feb/2026:17:46:26 +0200] "DELETE /js/main.js HTTP/1.1" 404 13946 "-" "Nmap Scripting Engine; https://nmap.org/book/nse.html"
192.168.1.62 - - [03/Feb/2026:17:46:26 +0200] "POST /products HTTP/1.1" 404 1749 "-" "sqlmap/1.4.11#stable (http://sqlmap.org)"
192.168.1.94 - - [03/Feb/2026:17:46:28 +0200] "GET / HTTP/1.1" 404 6739 "-" "curl/7.68.0"
192.168.1.18 - - [03/Feb/2026:17:46:29 +0200] "POST /js/main.js HTTP/1.1" 404 14100 "-" "curl/7.68.0"
192.168.1.47 - - [03/Feb/2026:17:46:29 +0200] "POST /contact HTTP/1.1" 500 13684 "-" "sqlmap/1.4.11#stable (http://sqlmap.org)"
192.168.1.89 - - [03/Feb/2026:17:46:31 +0200] "PUT /api/v1/status HTTP/1.1" 200 7681 "-" "Nmap Scripting Engine; https://nmap.org/book/nse.html"
141.11.22.33 - - [03/Feb/2026:17:46:32 +0200] "POST /login HTTP/1.1" 401 3180 "-" "Mozilla/5.0 (iPhone; CPU iPhone OS 14_6 like Mac OS X)"
192.168.1.38 - - [03/Feb/2026:17:46:33 +0200] "HEAD / HTTP/1.1" 404 1866 "-" "sqlmap/1.4.11#stable (http://sqlmap.org)"
192.168.1.22 - - [03/Feb/2026:17:46:33 +0200] "POST /assets/style.css HTTP/1.1" 200 7646 "-" "sqlmap/1.4.11#stable (http://sqlmap.org)"
192.168.1.36 - - [03/Feb/2026:17:46:34 +0200] "HEAD /search?q=security HTTP/1.1" 302 3167 "-" "curl/7.68.0"
192.168.1.95 - - [03/Feb/2026:17:46:35 +0200] "PUT /contact HTTP/1.1" 302 8690 "-" "Mozilla/5.0 (iPhone; CPU iPhone OS 14_6 like Mac OS X)"
192.168.1.24 - - [03/Feb/2026:17:46:35 +0200] "POST /contact HTTP/1.1" 200 8329 "-" "sqlmap/1.4.11#stable (http://sqlmap.org)"
192.168.1.17 - - [03/Feb/2026:17:46:36 +0200] "POST /contact HTTP/1.1" 200 10612 "-" "Mozilla/5.0 (Windows NT 10.0; Win64; x64) AppleWebKit/537.36"
192.168.1.17 - - [03/Feb/2026:17:46:37 +0200] "GET / HTTP/1.1" 500 5326 "-" "sqlmap/1.4.11#stable (http://sqlmap.org)"
192.168.1.30 - - [03/Feb/2026:17:46:38 +0200] "POST / HTTP/1.1" 200 535 "-" "Mozilla/5.0 (iPhone; CPU iPhone OS 14_6 like Mac OS X)"
192.168.1.58 - - [03/Feb/2026:17:46:38 +0200] "HEAD /products HTTP/1.1" 302 13084 "-" "sqlmap/1.4.11#stable (http://sqlmap.org)"
10.0.0.4 - - [03/Feb/2026:17:46:39 +0200] "POST /contact HTTP/1.1" 404 1951 "-" "curl/7.68.0"
192.168.1.28 - - [03/Feb/2026:17:46:40 +0200] "POST / HTTP/1.1" 404 12395 "-" "curl/7.68.0"
192.168.1.13 - - [03/Feb/2026:17:46:41 +0200] "HEAD /contact HTTP/1.1" 404 13214 "-" "Mozilla/5.0 (Windows NT 10.0; Win64; x64) AppleWebKit/537.36"
192.168.1.24 - - [03/Feb/2026:17:46:41 +0200] "DELETE /js/main.js HTTP/1.1" 301 2039 "-" "Mozilla/5.0 (iPhone; CPU iPhone OS 14_6 like Mac OS X)"
10.0.0.3 - - [03/Feb/2026:17:46:43 +0200] "PUT /contact HTTP/1.1" 404 3796 "-" "Nmap Scripting Engine; https://nmap.org/book/nse.html"
192.168.1.58 - - [03/Feb/2026:17:46:44 +0200] "GET /home HTTP/1.1" 500 9203 "-" "Nmap Scripting Engine; https://nmap.org/book/nse.html"
141.11.22.33 - - [03/Feb/2026:17:46:45 +0200] "GET /login HTTP/1.1" 401 8802 "-" "Nmap Scripting Engine; https://nmap.org/book/nse.html"
10.0.0.17 - - [03/Feb/2026:17:46:46 +0200] "GET /contact HTTP/1.1" 404 14124 "-" "Mozilla/5.0 (Windows NT 10.0; Win64; x64) AppleWebKit/537.36"
192.168.1.99 - - [03/Feb/2026:17:46:47 +0200] "PUT /assets/style.css HTTP/1.1" 404 8764 "-" "sqlmap/1.4.11#stable (http://sqlmap.org)"
192.168.1.25 - - [03/Feb/2026:17:46:48 +0200] "PUT /assets/style.css HTTP/1.1" 500 5134 "-" "Nmap Scripting Engine; https://nmap.org/book/nse.html"
192.168.1.36 - - [03/Feb/2026:17:46:49 +0200] "HEAD /assets/style.css HTTP/1.1" 200 5893 "-" "curl/7.68.0"
185.92.11.22 - - [03/Feb/2026:17:46:49 +0200] "GET /login HTTP/1.1" 404 5115 "-" "Mozilla/5.0 (iPhone; CPU iPhone OS 14_6 like Mac OS X)"
45.155.205.233 - - [03/Feb/2026:17:46:50 +0200] "GET /phpmyadmin HTTP/1.1" 403 6388 "-" "Mozilla/5.0 (Windows NT 10.0; Win64; x64) AppleWebKit/537.36"
192.168.1.40 - - [03/Feb/2026:17:46:51 +0200] "DELETE /products HTTP/1.1" 200 6959 "-" "Nmap Scripting Engine; https://nmap.org/book/nse.html"
192.168.1.57 - - [03/Feb/2026:17:46:52 +0200] "PUT /assets/style.css HTTP/1.1" 404 12249 "-" "Mozilla/5.0 (Windows NT 10.0; Win64; x64) AppleWebKit/537.36"
192.168.1.86 - - [03/Feb/2026:17:46:53 +0200] "POST /products HTTP/1.1" 200 9501 "-" "curl/7.68.0"
192.168.1.33 - - [03/Feb/2026:17:46:53 +0200] "PUT /assets/style.css HTTP/1.1" 302 1031 "-" "Mozilla/5.0 (iPhone; CPU iPhone OS 14_6 like Mac OS X)"
192.168.1.84 - - [03/Feb/2026:17:46:54 +0200] "HEAD /api/v1/status HTTP/1.1" 404 880 "-" "sqlmap/1.4.11#stable (http://sqlmap.org)"
185.92.11.22 - - [03/Feb/2026:17:46:56 +0200] "POST /config.php HTTP/1.1" 401 11255 "-" "Nmap Scripting Engine; https://nmap.org/book/nse.html"
192.168.1.59 - - [03/Feb/2026:17:46:58 +0200] "POST /assets/style.css HTTP/1.1" 404 11863 "-" "curl/7.68.0"
141.11.22.33 - - [03/Feb/2026:17:46:59 +0200] "POST /admin HTTP/1.1" 401 5417 "-" "curl/7.68.0"
192.168.1.79 - - [03/Feb/2026:17:46:59 +0200] "HEAD /js/main.js HTTP/1.1" 200 8188 "-" "sqlmap/1.4.11#stable (http://sqlmap.org)"
10.0.0.10 - - [03/Feb/2026:17:47:00 +0200] "POST /search?q=security HTTP/1.1" 500 4716 "-" "Mozilla/5.0 (Windows NT 10.0; Win64; x64) AppleWebKit/537.36"
10.0.0.7 - - [03/Feb/2026:17:47:00 +0200] "POST /search?q=security HTTP/1.1" 500 9637 "-" "Mozilla/5.0 (iPhone; CPU iPhone OS 14_6 like Mac OS X)"
192.168.1.19 - - [03/Feb/2026:17:47:02 +0200] "PUT /contact HTTP/1.1" 500 7210 "-" "curl/7.68.0"
10.0.0.16 - - [03/Feb/2026:17:47:03 +0200] "PUT /contact HTTP/1.1" 301 7374 "-" "Nmap Scripting Engine; https://nmap.org/book/nse.html"
192.168.1.13 - - [03/Feb/2026:17:47:03 +0200] "PUT /search?q=security HTTP/1.1" 301 14477 "-" "Nmap Scripting Engine; https://nmap.org/book/nse.html"
192.168.1.24 - - [03/Feb/2026:17:47:03 +0200] "POST /products HTTP/1.1" 200 12142 "-" "Mozilla/5.0 (iPhone; CPU iPhone OS 14_6 like Mac OS X)"
192.168.1.26 - - [03/Feb/2026:17:47:04 +0200] "GET /home HTTP/1.1" 404 4021 "-" "Mozilla/5.0 (Windows NT 10.0; Win64; x64) AppleWebKit/537.36"
192.168.1.94 - - [03/Feb/2026:17:47:05 +0200] "PUT /products HTTP/1.1" 200 3035 "-" "curl/7.68.0"
192.168.1.30 - - [03/Feb/2026:17:47:06 +0200] "HEAD /search?q=security HTTP/1.1" 200 2597 "-" "sqlmap/1.4.11#stable (http://sqlmap.org)"
192.168.1.9 - - [03/Feb/2026:17:47:08 +0200] "DELETE /contact HTTP/1.1" 200 5762 "-" "Nmap Scripting Engine; https://nmap.org/book/nse.html"
192.168.1.36 - - [03/Feb/2026:17:47:08 +0200] "PUT /js/main.js HTTP/1.1" 404 6340 "-" "Mozilla/5.0 (iPhone; CPU iPhone OS 14_6 like Mac OS X)"
192.168.1.71 - - [03/Feb/2026:17:47:08 +0200] "HEAD /products HTTP/1.1" 404 817 "-" "sqlmap/1.4.11#stable (http://sqlmap.org)"
192.168.1.23 - - [03/Feb/2026:17:47:09 +0200] "POST / HTTP/1.1" 301 13015 "-" "Nmap Scripting Engine; https://nmap.org/book/nse.html"
192.168.1.3 - - [03/Feb/2026:17:47:09 +0200] "POST /home HTTP/1.1" 200 6916 "-" "curl/7.68.0"
10.0.0.12 - - [03/Feb/2026:17:47:09 +0200] "GET /products HTTP/1.1" 301 4968 "-" "Nmap Scripting Engine; https://nmap.org/book/nse.html"
192.168.1.19 - - [03/Feb/2026:17:47:10 +0200] "GET /api/v1/status HTTP/1.1" 200 5089 "-" "Mozilla/5.0 (Windows NT 10.0; Win64; x64) AppleWebKit/537.36"
192.168.1.16 - - [03/Feb/2026:17:47:10 +0200] "HEAD / HTTP/1.1" 301 4943 "-" "curl/7.68.0"
10.0.0.19 - - [03/Feb/2026:17:47:12 +0200] "GET /api/v1/status HTTP/1.1" 301 1056 "-" "Mozilla/5.0 (Windows NT 10.0; Win64; x64) AppleWebKit/537.36"
192.168.1.92 - - [03/Feb/2026:17:47:12 +0200] "HEAD /products HTTP/1.1" 200 14800 "-" "Nmap Scripting Engine; https://nmap.org/book/nse.html"
10.0.0.13 - - [03/Feb/2026:17:47:14 +0200] "HEAD /search?q=security HTTP/1.1" 200 5067 "-" "curl/7.68.0"
192.168.1.25 - - [03/Feb/2026:17:47:15 +0200] "HEAD /contact HTTP/1.1" 200 14732 "-" "Mozilla/5.0 (Windows NT 10.0; Win64; x64) AppleWebKit/537.36"
141.11.22.33 - - [03/Feb/2026:17:47:17 +0200] "POST /login HTTP/1.1" 403 11671 "-" "sqlmap/1.4.11#stable (http://sqlmap.org)"
192.168.1.3 - - [03/Feb/2026:17:47:19 +0200] "DELETE /products HTTP/1.1" 404 6945 "-" "Nmap Scripting Engine; https://nmap.org/book/nse.html"
192.168.1.44 - - [03/Feb/2026:17:47:20 +0200] "PUT / HTTP/1.1" 302 14325 "-" "sqlmap/1.4.11#stable (http://sqlmap.org)"
192.168.1.75 - - [03/Feb/2026:17:47:20 +0200] "POST /api/v1/status HTTP/1.1" 200 3608 "-" "curl/7.68.0"
192.168.1.99 - - [03/Feb/2026:17:47:20 +0200] "POST / HTTP/1.1" 500 5130 "-" "Nmap Scripting Engine; https://nmap.org/book/nse.html"
192.168.1.57 - - [03/Feb/2026:17:47:22 +0200] "POST /search?q=security HTTP/1.1" 200 3946 "-" "Nmap Scripting Engine; https://nmap.org/book/nse.html"
192.168.1.61 - - [03/Feb/2026:17:47:23 +0200] "HEAD /home HTTP/1.1" 404 3090 "-" "Mozilla/5.0 (Windows NT 10.0; Win64; x64) AppleWebKit/537.36"
192.168.1.95 - - [03/Feb/2026:17:47:24 +0200] "GET /search?q=security HTTP/1.1" 302 6222 "-" "curl/7.68.0"
10.0.0.13 - - [03/Feb/2026:17:47:25 +0200] "HEAD /api/v1/status HTTP/1.1" 200 7102 "-" "Nmap Scripting Engine; https://nmap.org/book/nse.html"
192.168.1.3 - - [03/Feb/2026:17:47:26 +0200] "PUT /js/main.js HTTP/1.1" 500 9439 "-" "Mozilla/5.0 (iPhone; CPU iPhone OS 14_6 like Mac OS X)"
141.11.22.33 - - [03/Feb/2026:17:47:28 +0200] "POST /config.php HTTP/1.1" 403 6250 "-" "curl/7.68.0"
192.168.1.95 - - [03/Feb/2026:17:47:29 +0200] "POST /home HTTP/1.1" 200 14685 "-" "curl/7.68.0"
192.168.1.50 - - [03/Feb/2026:17:47:31 +0200] "GET /js/main.js HTTP/1.1" 404 10149 "-" "Mozilla/5.0 (iPhone; CPU iPhone OS 14_6 like Mac OS X)"
192.168.1.37 - - [03/Feb/2026:17:47:31 +0200] "HEAD /home HTTP/1.1" 200 5344 "-" "Mozilla/5.0 (Windows NT 10.0; Win64; x64) AppleWebKit/537.36"
185.92.11.22 - - [03/Feb/2026:17:47:32 +0200] "POST /admin HTTP/1.1" 403 6384 "-" "Nmap Scripting Engine; https://nmap.org/book/nse.html"
192.168.1.99 - - [03/Feb/2026:17:47:34 +0200] "DELETE /products HTTP/1.1" 200 3536 "-" "Mozilla/5.0 (Windows NT 10.0; Win64; x64) AppleWebKit/537.36"
141.11.22.33 - - [03/Feb/2026:17:47:34 +0200] "POST /config.php HTTP/1.1" 404 4597 "-" "Mozilla/5.0 (iPhone; CPU iPhone OS 14_6 like Mac OS X)"
192.168.1.43 - - [03/Feb/2026:17:47:36 +0200] "PUT /assets/style.css HTTP/1.1" 302 5836 "-" "Mozilla/5.0 (Windows NT 10.0; Win64; x64) AppleWebKit/537.36"
141.11.22.33 - - [03/Feb/2026:17:47:38 +0200] "GET /admin HTTP/1.1" 403 3849 "-" "Nmap Scripting Engine; https://nmap.org/book/nse.html"
192.168.1.37 - - [03/Feb/2026:17:47:38 +0200] "PUT / HTTP/1.1" 302 7549 "-" "Mozilla/5.0 (Windows NT 10.0; Win64; x64) AppleWebKit/537.36"
192.168.1.27 - - [03/Feb/2026:17:47:40 +0200] "POST /home HTTP/1.1" 200 5827 "-" "Mozilla/5.0 (Windows NT 10.0; Win64; x64) AppleWebKit/537.36"
192.168.1.85 - - [03/Feb/2026:17:47:41 +0200] "POST /contact HTTP/1.1" 404 2760 "-" "Mozilla/5.0 (Windows NT 10.0; Win64; x64) AppleWebKit/537.36"
192.168.1.25 - - [03/Feb/2026:17:47:43 +0200] "DELETE /search?q=security HTTP/1.1" 404 2759 "-" "sqlmap/1.4.11#stable (http://sqlmap.org)"
45.155.205.233 - - [03/Feb/2026:17:47:45 +0200] "GET /wp-login.php HTTP/1.1" 404 7717 "-" "sqlmap/1.4.11#stable (http://sqlmap.org)"
192.168.1.35 - - [03/Feb/2026:17:47:47 +0200] "DELETE /home HTTP/1.1" 404 12531 "-" "curl/7.68.0"
192.168.1.54 - - [03/Feb/2026:17:47:48 +0200] "HEAD /api/v1/status HTTP/1.1" 200 4604 "-" "Mozilla/5.0 (iPhone; CPU iPhone OS 14_6 like Mac OS X)"
192.168.1.28 - - [03/Feb/2026:17:47:48 +0200] "DELETE /assets/style.css HTTP/1.1" 301 3334 "-" "Mozilla/5.0 (iPhone; CPU iPhone OS 14_6 like Mac OS X)"
192.168.1.32 - - [03/Feb/2026:17:47:50 +0200] "DELETE /api/v1/status HTTP/1.1" 200 3805 "-" "Nmap Scripting Engine; https://nmap.org/book/nse.html"
45.155.205.233 - - [03/Feb/2026:17:47:50 +0200] "POST /etc/passwd HTTP/1.1" 401 9876 "-" "curl/7.68.0"
192.168.1.35 - - [03/Feb/2026:17:47:52 +0200] "HEAD /js/main.js HTTP/1.1" 404 13459 "-" "curl/7.68.0"
192.168.1.16 - - [03/Feb/2026:17:47:52 +0200] "HEAD /js/main.js HTTP/1.1" 404 6815 "-" "Mozilla/5.0 (iPhone; CPU iPhone OS 14_6 like Mac OS X)"
185.92.11.22 - - [03/Feb/2026:17:47:54 +0200] "GET /admin HTTP/1.1" 401 9761 "-" "Mozilla/5.0 (iPhone; CPU iPhone OS 14_6 like Mac OS X)"
141.11.22.33 - - [03/Feb/2026:17:47:54 +0200] "GET /login HTTP/1.1" 401 986 "-" "curl/7.68.0"
192.168.1.60 - - [03/Feb/2026:17:47:55 +0200] "GET / HTTP/1.1" 200 11064 "-" "Mozilla/5.0 (Windows NT 10.0; Win64; x64) AppleWebKit/537.36"
185.92.11.22 - - [03/Feb/2026:17:47:56 +0200] "POST /login HTTP/1.1" 403 460 "-" "Nmap Scripting Engine; https://nmap.org/book/nse.html"
141.11.22.33 - - [03/Feb/2026:17:47:57 +0200] "GET /admin HTTP/1.1" 403 13377 "-" "Nmap Scripting Engine; https://nmap.org/book/nse.html"
192.168.1.30 - - [03/Feb/2026:17:47:58 +0200] "POST /api/v1/status HTTP/1.1" 301 7745 "-" "Nmap Scripting Engine; https://nmap.org/book/nse.html"
192.168.1.50 - - [03/Feb/2026:17:48:00 +0200] "DELETE /contact HTTP/1.1" 301 12091 "-" "Mozilla/5.0 (Windows NT 10.0; Win64; x64) AppleWebKit/537.36"
192.168.1.38 - - [03/Feb/2026:17:48:01 +0200] "DELETE /assets/style.css HTTP/1.1" 200 1743 "-" "Nmap Scripting Engine; https://nmap.org/book/nse.html"
10.0.0.3 - - [03/Feb/2026:17:48:02 +0200] "DELETE /home HTTP/1.1" 200 5334 "-" "Mozilla/5.0 (iPhone; CPU iPhone OS 14_6 like Mac OS X)"
192.168.1.45 - - [03/Feb/2026:17:48:03 +0200] "DELETE /products HTTP/1.1" 200 8022 "-" "curl/7.68.0"
192.168.1.66 - - [03/Feb/2026:17:48:03 +0200] "GET / HTTP/1.1" 404 14178 "-" "sqlmap/1.4.11#stable (http://sqlmap.org)"
192.168.1.31 - - [03/Feb/2026:17:48:04 +0200] "PUT /assets/style.css HTTP/1.1" 404 1991 "-" "sqlmap/1.4.11#stable (http://sqlmap.org)"
45.155.205.233 - - [03/Feb/2026:17:48:05 +0200] "POST /login HTTP/1.1" 401 2037 "-" "Mozilla/5.0 (iPhone; CPU iPhone OS 14_6 like Mac OS X)"
10.0.0.12 - - [03/Feb/2026:17:48:05 +0200] "GET /api/v1/status HTTP/1.1" 200 7543 "-" "Nmap Scripting Engine; https://nmap.org/book/nse.html"
192.168.1.37 - - [03/Feb/2026:17:48:07 +0200] "DELETE /search?q=security HTTP/1.1" 301 3908 "-" "Mozilla/5.0 (Windows NT 10.0; Win64; x64) AppleWebKit/537.36"
141.11.22.33 - - [03/Feb/2026:17:48:09 +0200] "POST /login HTTP/1.1" 404 7568 "-" "Mozilla/5.0 (Windows NT 10.0; Win64; x64) AppleWebKit/537.36"
45.155.205.233 - - [03/Feb/2026:17:48:10 +0200] "POST /.git/config HTTP/1.1" 404 3787 "-" "curl/7.68.0"
192.168.1.42 - - [03/Feb/2026:17:48:11 +0200] "HEAD / HTTP/1.1" 500 11822 "-" "Nmap Scripting Engine; https://nmap.org/book/nse.html"
10.0.0.17 - - [03/Feb/2026:17:48:12 +0200] "GET /products HTTP/1.1" 200 4082 "-" "Nmap Scripting Engine; https://nmap.org/book/nse.html"
10.0.0.8 - - [03/Feb/2026:17:48:13 +0200] "HEAD /api/v1/status HTTP/1.1" 200 753 "-" "Nmap Scripting Engine; https://nmap.org/book/nse.html"
141.11.22.33 - - [03/Feb/2026:17:48:13 +0200] "POST /login HTTP/1.1" 404 6706 "-" "Mozilla/5.0 (Windows NT 10.0; Win64; x64) AppleWebKit/537.36"
192.168.1.32 - - [03/Feb/2026:17:48:15 +0200] "POST /api/v1/status HTTP/1.1" 301 6031 "-" "Mozilla/5.0 (Windows NT 10.0; Win64; x64) AppleWebKit/537.36"
45.155.205.233 - - [03/Feb/2026:17:48:15 +0200] "POST /.env HTTP/1.1" 404 4843 "-" "sqlmap/1.4.11#stable (http://sqlmap.org)"
192.168.1.56 - - [03/Feb/2026:17:48:16 +0200] "PUT /search?q=security HTTP/1.1" 404 817 "-" "Nmap Scripting Engine; https://nmap.org/book/nse.html"
192.168.1.94 - - [03/Feb/2026:17:48:17 +0200] "PUT /js/main.js HTTP/1.1" 200 1694 "-" "sqlmap/1.4.11#stable (http://sqlmap.org)"
185.92.11.22 - - [03/Feb/2026:17:48:19 +0200] "POST /.git/config HTTP/1.1" 403 14017 "-" "Mozilla/5.0 (Windows NT 10.0; Win64; x64) AppleWebKit/537.36"
192.168.1.22 - - [03/Feb/2026:17:48:21 +0200] "DELETE /api/v1/status HTTP/1.1" 301 307 "-" "curl/7.68.0"
192.168.1.27 - - [03/Feb/2026:17:48:22 +0200] "POST /assets/style.css HTTP/1.1" 302 4976 "-" "Mozilla/5.0 (iPhone; CPU iPhone OS 14_6 like Mac OS X)"
192.168.1.43 - - [03/Feb/2026:17:48:22 +0200] "DELETE /api/v1/status HTTP/1.1" 200 9175 "-" "curl/7.68.0"
192.168.1.20 - - [03/Feb/2026:17:48:24 +0200] "GET /products HTTP/1.1" 200 10015 "-" "Mozilla/5.0 (Windows NT 10.0; Win64; x64) AppleWebKit/537.36"
192.168.1.7 - - [03/Feb/2026:17:48:26 +0200] "GET /assets/style.css HTTP/1.1" 302 7574 "-" "sqlmap/1.4.11#stable (http://sqlmap.org)"
192.168.1.88 - - [03/Feb/2026:17:48:26 +0200] "HEAD /home HTTP/1.1" 200 11861 "-" "Mozilla/5.0 (iPhone; CPU iPhone OS 14_6 like Mac OS X)"
192.168.1.46 - - [03/Feb/2026:17:48:27 +0200] "PUT /api/v1/status HTTP/1.1" 200 4248 "-" "sqlmap/1.4.11#stable (http://sqlmap.org)"
192.168.1.47 - - [03/Feb/2026:17:48:29 +0200] "DELETE /contact HTTP/1.1" 302 6658 "-" "Nmap Scripting Engine; https://nmap.org/book/nse.html"
192.168.1.31 - - [03/Feb/2026:17:48:30 +0200] "DELETE /home HTTP/1.1" 302 5719 "-" "Mozilla/5.0 (Windows NT 10.0; Win64; x64) AppleWebKit/537.36"
45.155.205.233 - - [03/Feb/2026:17:48:32 +0200] "POST /login HTTP/1.1" 404 2961 "-" "sqlmap/1.4.11#stable (http://sqlmap.org)"
10.0.0.18 - - [03/Feb/2026:17:48:33 +0200] "GET /api/v1/status HTTP/1.1" 301 3451 "-" "Mozilla/5.0 (iPhone; CPU iPhone OS 14_6 like Mac OS X)"
192.168.1.58 - - [03/Feb/2026:17:48:35 +0200] "HEAD / HTTP/1.1" 200 5672 "-" "curl/7.68.0"
192.168.1.97 - - [03/Feb/2026:17:48:36 +0200] "POST /api/v1/status HTTP/1.1" 200 10477 "-" "Nmap Scripting Engine; https://nmap.org/book/nse.html"
192.168.1.65 - - [03/Feb/2026:17:48:37 +0200] "PUT /api/v1/status HTTP/1.1" 200 10343 "-" "Mozilla/5.0 (Windows NT 10.0; Win64; x64) AppleWebKit/537.36"
185.92.11.22 - - [03/Feb/2026:17:48:39 +0200] "GET /wp-login.php HTTP/1.1" 404 7688 "-" "sqlmap/1.4.11#stable (http://sqlmap.org)"
10.0.0.17 - - [03/Feb/2026:17:48:39 +0200] "DELETE /assets/style.css HTTP/1.1" 404 9218 "-" "Mozilla/5.0 (iPhone; CPU iPhone OS 14_6 like Mac OS X)"
192.168.1.49 - - [03/Feb/2026:17:48:41 +0200] "HEAD /contact HTTP/1.1" 302 1776 "-" "sqlmap/1.4.11#stable (http://sqlmap.org)"
192.168.1.22 - - [03/Feb/2026:17:48:41 +0200] "POST /api/v1/status HTTP/1.1" 500 12053 "-" "Mozilla/5.0 (iPhone; CPU iPhone OS 14_6 like Mac OS X)"
192.168.1.6 - - [03/Feb/2026:17:48:42 +0200] "HEAD /search?q=security HTTP/1.1" 404 1300 "-" "Nmap Scripting Engine; https://nmap.org/book/nse.html"
192.168.1.78 - - [03/Feb/2026:17:48:44 +0200] "GET / HTTP/1.1" 200 8037 "-" "Mozilla/5.0 (iPhone; CPU iPhone OS 14_6 like Mac OS X)"
192.168.1.82 - - [03/Feb/2026:17:48:46 +0200] "GET /home HTTP/1.1" 301 14474 "-" "curl/7.68.0"
192.168.1.86 - - [03/Feb/2026:17:48:47 +0200] "DELETE /contact HTTP/1.1" 302 14748 "-" "Nmap Scripting Engine; https://nmap.org/book/nse.html"
185.92.11.22 - - [03/Feb/2026:17:48:48 +0200] "POST /login HTTP/1.1" 401 5737 "-" "Nmap Scripting Engine; https://nmap.org/book/nse.html"
192.168.1.43 - - [03/Feb/2026:17:48:49 +0200] "GET /contact HTTP/1.1" 500 14727 "-" "Mozilla/5.0 (iPhone; CPU iPhone OS 14_6 like Mac OS X)"
192.168.1.83 - - [03/Feb/2026:17:48:51 +0200] "POST /contact HTTP/1.1" 200 11281 "-" "Mozilla/5.0 (Windows NT 10.0; Win64; x64) AppleWebKit/537.36"
10.0.0.13 - - [03/Feb/2026:17:48:53 +0200] "DELETE /search?q=security HTTP/1.1" 200 11564 "-" "Mozilla/5.0 (iPhone; CPU iPhone OS 14_6 like Mac OS X)"
192.168.1.25 - - [03/Feb/2026:17:48:53 +0200] "HEAD /search?q=security HTTP/1.1" 404 13262 "-" "Nmap Scripting Engine; https://nmap.org/book/nse.html"
192.168.1.80 - - [03/Feb/2026:17:48:54 +0200] "GET /assets/style.css HTTP/1.1" 301 8148 "-" "Nmap Scripting Engine; https://nmap.org/book/nse.html"
192.168.1.77 - - [03/Feb/2026:17:48:54 +0200] "GET /assets/style.css HTTP/1.1" 200 6173 "-" "curl/7.68.0"
192.168.1.23 - - [03/Feb/2026:17:48:56 +0200] "HEAD /home HTTP/1.1" 301 1526 "-" "sqlmap/1.4.11#stable (http://sqlmap.org)"
10.0.0.12 - - [03/Feb/2026:17:48:56 +0200] "PUT /home HTTP/1.1" 404 11244 "-" "curl/7.68.0"
192.168.1.84 - - [03/Feb/2026:17:48:57 +0200] "DELETE / HTTP/1.1" 200 12307 "-" "Nmap Scripting Engine; https://nmap.org/book/nse.html"
192.168.1.87 - - [03/Feb/2026:17:48:59 +0200] "POST /search?q=security HTTP/1.1" 200 5321 "-" "sqlmap/1.4.11#stable (http://sqlmap.org)"
192.168.1.71 - - [03/Feb/2026:17:48:59 +0200] "PUT /assets/style.css HTTP/1.1" 404 9096 "-" "Mozilla/5.0 (Windows NT 10.0; Win64; x64) AppleWebKit/537.36"
192.168.1.61 - - [03/Feb/2026:17:49:01 +0200] "HEAD /assets/style.css HTTP/1.1" 302 566 "-" "Mozilla/5.0 (iPhone; CPU iPhone OS 14_6 like Mac OS X)"
192.168.1.91 - - [03/Feb/2026:17:49:03 +0200] "HEAD /products HTTP/1.1" 404 5107 "-" "Nmap Scripting Engine; https://nmap.org/book/nse.html"
192.168.1.88 - - [03/Feb/2026:17:49:04 +0200] "HEAD /products HTTP/1.1" 200 11783 "-" "Nmap Scripting Engine; https://nmap.org/book/nse.html"
192.168.1.49 - - [03/Feb/2026:17:49:06 +0200] "GET /assets/style.css HTTP/1.1" 302 3543 "-" "Mozilla/5.0 (Windows NT 10.0; Win64; x64) AppleWebKit/537.36"
45.155.205.233 - - [03/Feb/2026:17:49:06 +0200] "GET /login HTTP/1.1" 404 8891 "-" "sqlmap/1.4.11#stable (http://sqlmap.org)"
192.168.1.2 - - [03/Feb/2026:17:49:06 +0200] "HEAD / HTTP/1.1" 404 6958 "-" "Mozilla/5.0 (Windows NT 10.0; Win64; x64) AppleWebKit/537.36"
192.168.1.17 - - [03/Feb/2026:17:49:07 +0200] "DELETE /products HTTP/1.1" 301 8457 "-" "curl/7.68.0"
192.168.1.74 - - [03/Feb/2026:17:49:08 +0200] "POST / HTTP/1.1" 404 7001 "-" "Mozilla/5.0 (Windows NT 10.0; Win64; x64) AppleWebKit/537.36"
10.0.0.1 - - [03/Feb/2026:17:49:09 +0200] "PUT /home HTTP/1.1" 302 4254 "-" "Mozilla/5.0 (iPhone; CPU iPhone OS 14_6 like Mac OS X)"
192.168.1.71 - - [03/Feb/2026:17:49:10 +0200] "POST /products HTTP/1.1" 500 1893 "-" "curl/7.68.0"
192.168.1.10 - - [03/Feb/2026:17:49:12 +0200] "POST /search?q=security HTTP/1.1" 302 4505 "-" "Mozilla/5.0 (Windows NT 10.0; Win64; x64) AppleWebKit/537.36"
192.168.1.19 - - [03/Feb/2026:17:49:13 +0200] "PUT /api/v1/status HTTP/1.1" 200 6701 "-" "sqlmap/1.4.11#stable (http://sqlmap.org)"
192.168.1.94 - - [03/Feb/2026:17:49:15 +0200] "POST /products HTTP/1.1" 200 7988 "-" "Mozilla/5.0 (Windows NT 10.0; Win64; x64) AppleWebKit/537.36"
192.168.1.54 - - [03/Feb/2026:17:49:16 +0200] "GET / HTTP/1.1" 302 7419 "-" "curl/7.68.0"
10.0.0.17 - - [03/Feb/2026:17:49:18 +0200] "DELETE /search?q=security HTTP/1.1" 302 6286 "-" "Nmap Scripting Engine; https://nmap.org/book/nse.html"
192.168.1.93 - - [03/Feb/2026:17:49:19 +0200] "HEAD /assets/style.css HTTP/1.1" 500 9473 "-" "Nmap Scripting Engine; https://nmap.org/book/nse.html"
192.168.1.31 - - [03/Feb/2026:17:49:20 +0200] "DELETE /contact HTTP/1.1" 200 6022 "-" "curl/7.68.0"
192.168.1.15 - - [03/Feb/2026:17:49:21 +0200] "POST /products HTTP/1.1" 500 11028 "-" "Mozilla/5.0 (Windows NT 10.0; Win64; x64) AppleWebKit/537.36"
192.168.1.22 - - [03/Feb/2026:17:49:23 +0200] "HEAD /assets/style.css HTTP/1.1" 301 11655 "-" "Nmap Scripting Engine; https://nmap.org/book/nse.html"
192.168.1.83 - - [03/Feb/2026:17:49:23 +0200] "GET /assets/style.css HTTP/1.1" 301 9317 "-" "Mozilla/5.0 (Windows NT 10.0; Win64; x64) AppleWebKit/537.36"
192.168.1.51 - - [03/Feb/2026:17:49:24 +0200] "GET /contact HTTP/1.1" 200 4594 "-" "sqlmap/1.4.11#stable (http://sqlmap.org)"
192.168.1.12 - - [03/Feb/2026:17:49:25 +0200] "PUT /home HTTP/1.1" 500 10505 "-" "sqlmap/1.4.11#stable (http://sqlmap.org)"
192.168.1.51 - - [03/Feb/2026:17:49:26 +0200] "DELETE /products HTTP/1.1" 302 1565 "-" "Nmap Scripting Engine; https://nmap.org/book/nse.html"
192.168.1.55 - - [03/Feb/2026:17:49:27 +0200] "DELETE /home HTTP/1.1" 200 9339 "-" "Mozilla/5.0 (iPhone; CPU iPhone OS 14_6 like Mac OS X)"
192.168.1.55 - - [03/Feb/2026:17:49:29 +0200] "PUT /api/v1/status HTTP/1.1" 500 10363 "-" "Nmap Scripting Engine; https://nmap.org/book/nse.html"
10.0.0.18 - - [03/Feb/2026:17:49:29 +0200] "PUT /js/main.js HTTP/1.1" 404 6949 "-" "sqlmap/1.4.11#stable (http://sqlmap.org)"
192.168.1.32 - - [03/Feb/2026:17:49:30 +0200] "HEAD /search?q=security HTTP/1.1" 200 14884 "-" "Mozilla/5.0 (iPhone; CPU iPhone OS 14_6 like Mac OS X)"
192.168.1.11 - - [03/Feb/2026:17:49:31 +0200] "DELETE /assets/style.css HTTP/1.1" 200 2909 "-" "Mozilla/5.0 (iPhone; CPU iPhone OS 14_6 like Mac OS X)"
192.168.1.6 - - [03/Feb/2026:17:49:32 +0200] "DELETE /assets/style.css HTTP/1.1" 200 8416 "-" "Nmap Scripting Engine; https://nmap.org/book/nse.html"
192.168.1.31 - - [03/Feb/2026:17:49:33 +0200] "GET /assets/style.css HTTP/1.1" 302 2209 "-" "sqlmap/1.4.11#stable (http://sqlmap.org)"
192.168.1.55 - - [03/Feb/2026:17:49:33 +0200] "HEAD /assets/style.css HTTP/1.1" 200 14275 "-" "sqlmap/1.4.11#stable (http://sqlmap.org)"
45.155.205.233 - - [03/Feb/2026:17:49:35 +0200] "GET /.env HTTP/1.1" 403 13158 "-" "curl/7.68.0"
185.92.11.22 - - [03/Feb/2026:17:49:36 +0200] "POST /login HTTP/1.1" 401 13540 "-" "curl/7.68.0"
10.0.0.8 - - [03/Feb/2026:17:49:37 +0200] "DELETE /search?q=security HTTP/1.1" 200 5520 "-" "sqlmap/1.4.11#stable (http://sqlmap.org)"
192.168.1.78 - - [03/Feb/2026:17:49:38 +0200] "GET /home HTTP/1.1" 404 3229 "-" "curl/7.68.0"
192.168.1.29 - - [03/Feb/2026:17:49:39 +0200] "GET /home HTTP/1.1" 404 7599 "-" "Mozilla/5.0 (Windows NT 10.0; Win64; x64) AppleWebKit/537.36"
141.11.22.33 - - [03/Feb/2026:17:49:40 +0200] "POST /etc/passwd HTTP/1.1" 404 10178 "-" "sqlmap/1.4.11#stable (http://sqlmap.org)"
192.168.1.99 - - [03/Feb/2026:17:49:41 +0200] "POST /contact HTTP/1.1" 301 5444 "-" "Mozilla/5.0 (Windows NT 10.0; Win64; x64) AppleWebKit/537.36"
192.168.1.55 - - [03/Feb/2026:17:49:43 +0200] "POST /js/main.js HTTP/1.1" 302 7983 "-" "Mozilla/5.0 (iPhone; CPU iPhone OS 14_6 like Mac OS X)"
192.168.1.88 - - [03/Feb/2026:17:49:44 +0200] "GET /products HTTP/1.1" 500 6649 "-" "Mozilla/5.0 (iPhone; CPU iPhone OS 14_6 like Mac OS X)"
192.168.1.24 - - [03/Feb/2026:17:49:45 +0200] "POST /home HTTP/1.1" 200 9859 "-" "Mozilla/5.0 (iPhone; CPU iPhone OS 14_6 like Mac OS X)"
141.11.22.33 - - [03/Feb/2026:17:49:45 +0200] "POST /phpmyadmin HTTP/1.1" 403 6738 "-" "Mozilla/5.0 (iPhone; CPU iPhone OS 14_6 like Mac OS X)"
192.168.1.35 - - [03/Feb/2026:17:49:45 +0200] "GET /home HTTP/1.1" 200 11511 "-" "curl/7.68.0"
192.168.1.99 - - [03/Feb/2026:17:49:46 +0200] "POST /search?q=security HTTP/1.1" 404 2268 "-" "curl/7.68.0"
192.168.1.89 - - [03/Feb/2026:17:49:47 +0200] "DELETE /contact HTTP/1.1" 301 10906 "-" "Mozilla/5.0 (Windows NT 10.0; Win64; x64) AppleWebKit/537.36"
192.168.1.28 - - [03/Feb/2026:17:49:48 +0200] "PUT /api/v1/status HTTP/1.1" 200 7079 "-" "Nmap Scripting Engine; https://nmap.org/book/nse.html"
192.168.1.72 - - [03/Feb/2026:17:49:48 +0200] "GET /search?q=security HTTP/1.1" 302 12812 "-" "sqlmap/1.4.11#stable (http://sqlmap.org)"
192.168.1.64 - - [03/Feb/2026:17:49:50 +0200] "PUT /contact HTTP/1.1" 404 2405 "-" "sqlmap/1.4.11#stable (http://sqlmap.org)"
192.168.1.93 - - [03/Feb/2026:17:49:51 +0200] "GET /products HTTP/1.1" 200 12821 "-" "sqlmap/1.4.11#stable (http://sqlmap.org)"
192.168.1.60 - - [03/Feb/2026:17:49:52 +0200] "DELETE /products HTTP/1.1" 302 1870 "-" "Nmap Scripting Engine; https://nmap.org/book/nse.html"
185.92.11.22 - - [03/Feb/2026:17:49:53 +0200] "GET /phpmyadmin HTTP/1.1" 404 11559 "-" "Mozilla/5.0 (iPhone; CPU iPhone OS 14_6 like Mac OS X)"
192.168.1.52 - - [03/Feb/2026:17:49:54 +0200] "POST /contact HTTP/1.1" 200 2143 "-" "curl/7.68.0"
192.168.1.45 - - [03/Feb/2026:17:49:55 +0200] "GET /products HTTP/1.1" 404 13983 "-" "sqlmap/1.4.11#stable (http://sqlmap.org)"
45.155.205.233 - - [03/Feb/2026:17:49:56 +0200] "POST /login HTTP/1.1" 404 8531 "-" "Mozilla/5.0 (Windows NT 10.0; Win64; x64) AppleWebKit/537.36"
185.92.11.22 - - [03/Feb/2026:17:49:57 +0200] "POST /admin HTTP/1.1" 403 8249 "-" "Nmap Scripting Engine; https://nmap.org/book/nse.html"
192.168.1.1 - - [03/Feb/2026:17:49:58 +0200] "POST /contact HTTP/1.1" 404 12941 "-" "Nmap Scripting Engine; https://nmap.org/book/nse.html"
192.168.1.41 - - [03/Feb/2026:17:49:59 +0200] "PUT /search?q=security HTTP/1.1" 200 4609 "-" "curl/7.68.0"
192.168.1.75 - - [03/Feb/2026:17:50:00 +0200] "HEAD /contact HTTP/1.1" 302 8664 "-" "Nmap Scripting Engine; https://nmap.org/book/nse.html"
192.168.1.42 - - [03/Feb/2026:17:50:02 +0200] "GET /assets/style.css HTTP/1.1" 404 2337 "-" "curl/7.68.0"
141.11.22.33 - - [03/Feb/2026:17:50:04 +0200] "POST /login HTTP/1.1" 403 6717 "-" "curl/7.68.0"
192.168.1.81 - - [03/Feb/2026:17:50:06 +0200] "PUT /contact HTTP/1.1" 200 10349 "-" "Mozilla/5.0 (Windows NT 10.0; Win64; x64) AppleWebKit/537.36"
10.0.0.18 - - [03/Feb/2026:17:50:07 +0200] "PUT /api/v1/status HTTP/1.1" 301 1062 "-" "Mozilla/5.0 (Windows NT 10.0; Win64; x64) AppleWebKit/537.36"
192.168.1.87 - - [03/Feb/2026:17:50:07 +0200] "POST / HTTP/1.1" 302 3908 "-" "sqlmap/1.4.11#stable (http://sqlmap.org)"
10.0.0.3 - - [03/Feb/2026:17:50:08 +0200] "DELETE /products HTTP/1.1" 200 7502 "-" "Nmap Scripting Engine; https://nmap.org/book/nse.html"
192.168.1.41 - - [03/Feb/2026:17:50:09 +0200] "PUT /search?q=security HTTP/1.1" 404 13746 "-" "Nmap Scripting Engine; https://nmap.org/book/nse.html"
192.168.1.90 - - [03/Feb/2026:17:50:09 +0200] "GET /products HTTP/1.1" 200 3578 "-" "sqlmap/1.4.11#stable (http://sqlmap.org)"
45.155.205.233 - - [03/Feb/2026:17:50:09 +0200] "GET /login HTTP/1.1" 403 5545 "-" "curl/7.68.0"
192.168.1.14 - - [03/Feb/2026:17:50:11 +0200] "HEAD /contact HTTP/1.1" 404 6222 "-" "Mozilla/5.0 (iPhone; CPU iPhone OS 14_6 like Mac OS X)"
192.168.1.1 - - [03/Feb/2026:17:50:12 +0200] "POST /api/v1/status HTTP/1.1" 500 7232 "-" "Nmap Scripting Engine; https://nmap.org/book/nse.html"
192.168.1.53 - - [03/Feb/2026:17:50:14 +0200] "PUT /products HTTP/1.1" 404 12719 "-" "Mozilla/5.0 (iPhone; CPU iPhone OS 14_6 like Mac OS X)"
192.168.1.73 - - [03/Feb/2026:17:50:14 +0200] "HEAD /js/main.js HTTP/1.1" 200 14971 "-" "Mozilla/5.0 (iPhone; CPU iPhone OS 14_6 like Mac OS X)"
192.168.1.41 - - [03/Feb/2026:17:50:16 +0200] "GET /contact HTTP/1.1" 301 11648 "-" "Nmap Scripting Engine; https://nmap.org/book/nse.html"
192.168.1.77 - - [03/Feb/2026:17:50:18 +0200] "DELETE / HTTP/1.1" 404 242 "-" "Mozilla/5.0 (Windows NT 10.0; Win64; x64) AppleWebKit/537.36"
192.168.1.29 - - [03/Feb/2026:17:50:19 +0200] "GET /search?q=security HTTP/1.1" 200 11828 "-" "Nmap Scripting Engine; https://nmap.org/book/nse.html"
192.168.1.21 - - [03/Feb/2026:17:50:21 +0200] "GET /contact HTTP/1.1" 301 11145 "-" "curl/7.68.0"
192.168.1.59 - - [03/Feb/2026:17:50:23 +0200] "POST / HTTP/1.1" 200 11703 "-" "Mozilla/5.0 (iPhone; CPU iPhone OS 14_6 like Mac OS X)"
192.168.1.26 - - [03/Feb/2026:17:50:24 +0200] "GET /api/v1/status HTTP/1.1" 302 2468 "-" "Mozilla/5.0 (Windows NT 10.0; Win64; x64) AppleWebKit/537.36"
192.168.1.2 - - [03/Feb/2026:17:50:26 +0200] "DELETE /api/v1/status HTTP/1.1" 200 4454 "-" "Mozilla/5.0 (iPhone; CPU iPhone OS 14_6 like Mac OS X)"
